
Sat Oct  4 09:56:05 2025
 vncext:      VNC extension running!
 vncext:      Listening for VNC connections on local interface(s), port 5901
 vncext:      Created VNC server for screen 0
[mi] mieq: warning: overriding existing handler (nil) with 0x55564c0575e8 for event 2
[mi] mieq: warning: overriding existing handler (nil) with 0x55564c0575e8 for event 3
3NI3X0 New Xtigervnc server 'rigpi5:1 (pi)' on port 5901 for display :1.
3NI3X0 Use xtigervncviewer -SecurityTypes VncAuth -passwd /home/pi/.config/tigervnc/passwd :1 to connect to the VNC server.

Wi-Fi is currently blocked by rfkill.
Use raspi-config to set the country before use.

X connection to :1 broken (explicit kill or server shutdown).

Sat Oct  4 10:10:16 2025
 ComparingUpdateTracker: 0 pixels in / 0 pixels out
 ComparingUpdateTracker: (1:nan ratio)
The Xtigervnc server cleanly exited!
tigervncserver: No matching VNC server running for this user!

Sat Oct  4 10:10:35 2025
 vncext:      VNC extension running!
 vncext:      Listening for VNC connections on local interface(s), port 5901
 vncext:      Created VNC server for screen 0
[mi] mieq: warning: overriding existing handler (nil) with 0x555570f875e8 for event 2
[mi] mieq: warning: overriding existing handler (nil) with 0x555570f875e8 for event 3
3NI3X0 New Xtigervnc server 'rigpi5:1 (pi)' on port 5901 for display :1.
3NI3X0 Use xtigervncviewer -SecurityTypes VncAuth -passwd /home/pi/.config/tigervnc/passwd :1 to connect to the VNC server.

Wi-Fi is currently blocked by rfkill.
Use raspi-config to set the country before use.

Killing Xtigervnc process ID 2838...Warning: VNC extension does not support -reset, terminating instead. Use -noreset to prevent termination.

Sat Oct  4 10:15:37 2025
 ComparingUpdateTracker: 0 pixels in / 0 pixels out
 ComparingUpdateTracker: (1:nan ratio)
 success!
