12:33:16.599 [MainThread] INFO    thonny: Thonny version: 4.1.7
12:33:16.599 [MainThread] INFO    thonny: cwd: /home/pi
12:33:16.599 [MainThread] INFO    thonny: original argv: ['/usr/bin/python3', '/usr/bin/thonny']
12:33:16.599 [MainThread] INFO    thonny: sys.executable: /usr/bin/python3
12:33:16.599 [MainThread] INFO    thonny: sys.argv: ['/usr/bin/thonny']
12:33:16.599 [MainThread] INFO    thonny: sys.path: ['/usr/bin', '/usr/lib/python313.zip', '/usr/lib/python3.13', '/usr/lib/python3.13/lib-dynload', '/usr/local/lib/python3.13/dist-packages', '/usr/lib/python3/dist-packages']
12:33:16.599 [MainThread] INFO    thonny: sys.flags: sys.flags(debug=0, inspect=0, interactive=0, optimize=0, dont_write_bytecode=0, no_user_site=0, no_site=0, ignore_environment=0, verbose=0, bytes_warning=0, quiet=0, hash_randomization=1, isolated=0, dev_mode=False, utf8_mode=0, warn_default_encoding=0, safe_path=False, int_max_str_digits=4300)
12:33:16.641 [MainThread] INFO    thonny.workbench: Starting Workbench
12:33:16.711 [MainThread] INFO    thonny.workbench: Creating runner
12:33:16.712 [MainThread] INFO    thonny.workbench: Start loading plugins
12:33:16.765 [MainThread] INFO    thonny.workbench: Done loading plugins
12:33:16.867 [MainThread] INFO    thonny.workbench: Opening views
12:33:17.191 [MainThread] INFO    thonny.plugins.cpython_frontend.cp_front: Creating LocalCPythonProxy
12:33:17.191 [MainThread] INFO    thonny.running: Starting the backend: ['/usr/bin/python3', '-u', '-B', '/usr/lib/python3/dist-packages/thonny/plugins/cpython_backend/cp_launcher.py', '/home/pi', "{'run.warn_module_shadowing': True}"] /home/pi
12:34:53.514 [MainThread] INFO    thonny.running: Killing backend process
12:34:53.514 [MainThread] INFO    thonny.shell: BaseShellText._on_backend_terminated
12:34:53.515 [Thread-2 (_listen_stdout)] INFO    thonny.running: Reader got EOF
12:34:53.535 [MainThread] INFO    thonny.plugins.cpython_frontend.cp_front: Creating LocalCPythonProxy
12:34:53.535 [MainThread] INFO    thonny.running: Starting the backend: ['/usr/bin/python3', '-u', '-B', '/usr/lib/python3/dist-packages/thonny/plugins/cpython_backend/cp_launcher.py', '/home/pi', "{'run.warn_module_shadowing': True}"] /home/pi
12:34:53.615 [MainThread] INFO    thonny.shell: BaseShellText.restart(False)
12:39:03.104 [MainThread] INFO    thonny: TIME/MODS 346.506 Before Run (+163 modules)
12:39:03.104 [MainThread] INFO    thonny: NEW MODS ['_blake2', '_datetime', '_hashlib', '_heapq', '_locale', '_posixsubprocess', '_queue', '_socket', '_ssl', '_tkinter', 'array', 'base64', 'configparser', 'datetime', 'email._encoded_words', 'email._parseaddr', 'email._policybase', 'email.base64mime', 'email.charset', 'email.encoders', 'email.errors', 'email.feedparser', 'email.header', 'email.iterators', 'email.message', 'email.parser', 'email.quoprimime', 'email.utils', 'encodings.ascii', 'faulthandler', 'fcntl', 'gettext', 'hashlib', 'heapq', 'http', 'http.client', 'ipaddress', 'locale', 'pkgutil', 'platform', 'queue', 'quopri', 'runpy', 'select', 'selectors', 'shlex', 'signal', 'socket', 'ssl', 'subprocess', 'thonny.assistance', 'thonny.ast_utils', 'thonny.backend', 'thonny.base_file_browser', 'thonny.codeview', 'thonny.config', 'thonny.config_ui', 'thonny.editor_helpers', 'thonny.editors', 'thonny.languages', 'thonny.memory', 'thonny.misc_utils', 'thonny.plugins', 'thonny.plugins.about', 'thonny.plugins.assistant_config_page', 'thonny.plugins.ast_view', 'thonny.plugins.autocomplete', 'thonny.plugins.backend', 'thonny.plugins.backend_config_page', 'thonny.plugins.base_syntax_themes', 'thonny.plugins.base_ui_themes', 'thonny.plugins.birdseye_frontend', 'thonny.plugins.calltip', 'thonny.plugins.cells', 'thonny.plugins.circuitpython', 'thonny.plugins.circuitpython.cirpy_front', 'thonny.plugins.clean_ui_themes', 'thonny.plugins.coloring', 'thonny.plugins.commenting_indenting', 'thonny.plugins.common_editing_commands', 'thonny.plugins.cpython_backend', 'thonny.plugins.cpython_backend.cp_back', 'thonny.plugins.cpython_frontend', 'thonny.plugins.cpython_frontend.cp_front', 'thonny.plugins.cpython_ssh', 'thonny.plugins.cpython_ssh.cps_front', 'thonny.plugins.debugger', 'thonny.plugins.dock_user_windows_frontend', 'thonny.plugins.editor_config_page', 'thonny.plugins.esp', 'thonny.plugins.ev3', 'thonny.plugins.event_logging', 'thonny.plugins.event_view', 'thonny.plugins.files', 'thonny.plugins.find_replace', 'thonny.plugins.general_config_page', 'thonny.plugins.goto_definition', 'thonny.plugins.heap', 'thonny.plugins.help', 'thonny.plugins.highlight_names', 'thonny.plugins.locals_marker', 'thonny.plugins.microbit', 'thonny.plugins.micropython', 'thonny.plugins.micropython.base_flashing_dialog', 'thonny.plugins.micropython.esptool_dialog', 'thonny.plugins.micropython.mp_common', 'thonny.plugins.micropython.mp_front', 'thonny.plugins.micropython.uf2dialog', 'thonny.plugins.misc_analyzers', 'thonny.plugins.mypy', 'thonny.plugins.notes', 'thonny.plugins.object_inspector', 'thonny.plugins.outline', 'thonny.plugins.paren_matcher', 'thonny.plugins.pgzero_frontend', 'thonny.plugins.pi', 'thonny.plugins.pip_gui', 'thonny.plugins.prime_inventor', 'thonny.plugins.printing', 'thonny.plugins.pylint', 'thonny.plugins.pylint.messages', 'thonny.plugins.pythontutor', 'thonny.plugins.remove_old_data_dir', 'thonny.plugins.replayer', 'thonny.plugins.rp2040', 'thonny.plugins.rpi_pico', 'thonny.plugins.run_debug_config_page', 'thonny.plugins.shell_config_page', 'thonny.plugins.shell_macro', 'thonny.plugins.statement_boxes', 'thonny.plugins.stdlib_error_helpers', 'thonny.plugins.system_shell', 'thonny.plugins.terminal_config_page', 'thonny.plugins.theme_and_font_config_page', 'thonny.plugins.thonny_folders', 'thonny.plugins.todo_view', 'thonny.plugins.tomorrow_syntax_theme', 'thonny.plugins.variables', 'thonny.roughparse', 'thonny.rst_utils', 'thonny.running', 'thonny.shell', 'thonny.terminal', 'thonny.tktextext', 'thonny.token_utils', 'thonny.ui_utils', 'thonny.workbench', 'thonny.workdlg', 'tkinter', 'tkinter.commondialog', 'tkinter.constants', 'tkinter.dialog', 'tkinter.filedialog', 'tkinter.font', 'tkinter.messagebox', 'tkinter.simpledialog', 'tkinter.ttk', 'urllib', 'urllib.error', 'urllib.parse', 'urllib.request', 'urllib.response', 'webbrowser']
12:39:03.106 [MainThread] INFO    thonny.running: Killing backend process
12:39:03.107 [MainThread] INFO    thonny.running: Starting the backend: ['/usr/bin/python3', '-u', '-B', '/usr/lib/python3/dist-packages/thonny/plugins/cpython_backend/cp_launcher.py', '/home/pi', "{'run.warn_module_shadowing': True}"] /home/pi
12:39:03.109 [Thread-4 (_listen_stdout)] INFO    thonny.running: Reader got EOF
12:39:03.186 [MainThread] INFO    thonny.running: Prepared clean state for executing ToplevelCommand(args=['viewer_refWF.py'], args_str='viewer_refWF.py', cmd_line='%Run viewer_refWF.py', tty_mode=True, source=None, name='Run', argv=[], id='cmd_12', local_cwd='/home/pi')
12:39:03.188 [MainThread] INFO    thonny: TIME/MODS 0.084 After Run 
12:39:35.802 [MainThread] INFO    thonny.running: Killing backend process
12:39:35.803 [MainThread] INFO    thonny.shell: BaseShellText._on_backend_terminated
12:39:35.810 [Thread-6 (_listen_stdout)] INFO    thonny.running: Reader got EOF
12:39:35.827 [MainThread] INFO    thonny.plugins.cpython_frontend.cp_front: Creating LocalCPythonProxy
12:39:35.828 [MainThread] INFO    thonny.running: Starting the backend: ['/usr/bin/python3', '-u', '-B', '/usr/lib/python3/dist-packages/thonny/plugins/cpython_backend/cp_launcher.py', '/home/pi', "{'run.warn_module_shadowing': True}"] /home/pi
12:39:35.912 [MainThread] INFO    thonny.shell: BaseShellText.restart(False)
12:40:04.243 [MainThread] INFO    thonny: TIME/MODS 61.055 Before Run 
12:40:04.246 [MainThread] INFO    thonny.running: Killing backend process
12:40:04.246 [MainThread] INFO    thonny.running: Starting the backend: ['/usr/bin/python3', '-u', '-B', '/usr/lib/python3/dist-packages/thonny/plugins/cpython_backend/cp_launcher.py', '/home/pi', "{'run.warn_module_shadowing': True}"] /home/pi
12:40:04.247 [Thread-8 (_listen_stdout)] INFO    thonny.running: Reader got EOF
12:40:04.313 [MainThread] INFO    thonny.running: Prepared clean state for executing ToplevelCommand(args=['viewer_refWF.py'], args_str='viewer_refWF.py', cmd_line='%Run viewer_refWF.py', tty_mode=True, source=None, name='Run', argv=[], id='cmd_15', local_cwd='/home/pi')
12:40:04.314 [MainThread] INFO    thonny: TIME/MODS 0.071 After Run 
12:40:15.005 [MainThread] INFO    thonny.running: Killing backend process
12:40:15.006 [MainThread] INFO    thonny.shell: BaseShellText._on_backend_terminated
12:40:15.017 [Thread-10 (_listen_stdout)] INFO    thonny.running: Reader got EOF
12:40:15.027 [MainThread] INFO    thonny.plugins.cpython_frontend.cp_front: Creating LocalCPythonProxy
12:40:15.027 [MainThread] INFO    thonny.running: Starting the backend: ['/usr/bin/python3', '-u', '-B', '/usr/lib/python3/dist-packages/thonny/plugins/cpython_backend/cp_launcher.py', '/home/pi', "{'run.warn_module_shadowing': True}"] /home/pi
12:40:15.109 [MainThread] INFO    thonny.shell: BaseShellText.restart(False)
12:40:25.905 [MainThread] INFO    thonny: TIME/MODS 21.591 Before Run 
12:40:25.908 [MainThread] INFO    thonny.running: Killing backend process
12:40:25.908 [MainThread] INFO    thonny.running: Starting the backend: ['/usr/bin/python3', '-u', '-B', '/usr/lib/python3/dist-packages/thonny/plugins/cpython_backend/cp_launcher.py', '/home/pi', "{'run.warn_module_shadowing': True}"] /home/pi
12:40:25.909 [Thread-12 (_listen_stdout)] INFO    thonny.running: Reader got EOF
12:40:25.984 [MainThread] INFO    thonny.running: Prepared clean state for executing ToplevelCommand(args=['viewer_refWF.py'], args_str='viewer_refWF.py', cmd_line='%Run viewer_refWF.py', tty_mode=True, source=None, name='Run', argv=[], id='cmd_17', local_cwd='/home/pi')
12:40:25.985 [MainThread] INFO    thonny: TIME/MODS 0.081 After Run 
12:40:35.738 [MainThread] INFO    thonny.running: Killing backend process
12:40:35.738 [MainThread] INFO    thonny.shell: BaseShellText._on_backend_terminated
12:40:35.743 [Thread-14 (_listen_stdout)] INFO    thonny.running: Reader got EOF
12:40:35.761 [MainThread] INFO    thonny.plugins.cpython_frontend.cp_front: Creating LocalCPythonProxy
12:40:35.761 [MainThread] INFO    thonny.running: Starting the backend: ['/usr/bin/python3', '-u', '-B', '/usr/lib/python3/dist-packages/thonny/plugins/cpython_backend/cp_launcher.py', '/home/pi', "{'run.warn_module_shadowing': True}"] /home/pi
12:40:35.837 [MainThread] INFO    thonny.shell: BaseShellText.restart(False)
12:40:38.141 [MainThread] INFO    thonny.running: Killing backend process
12:40:38.141 [MainThread] INFO    thonny.running: Starting the backend: ['/usr/bin/python3', '-u', '-B', '/usr/lib/python3/dist-packages/thonny/plugins/cpython_backend/cp_launcher.py', '/home/pi', "{'run.warn_module_shadowing': True}"] /home/pi
12:40:38.142 [Thread-16 (_listen_stdout)] INFO    thonny.running: Reader got EOF
12:40:38.199 [MainThread] INFO    thonny.running: Prepared clean state for executing ToplevelCommand(args=['viewer_refWF.py'], args_str='viewer_refWF.py', cmd_line='%FastDebug viewer_refWF.py', tty_mode=True, source=None, name='FastDebug', argv=[], breakpoints={'/home/pi/viewer_refWF.py': {488, 394, 470}}, id='cmd_18', local_cwd='/home/pi')
12:41:59.278 [MainThread] INFO    thonny.running: Killing backend process
12:41:59.278 [MainThread] INFO    thonny.shell: BaseShellText._on_backend_terminated
12:41:59.283 [Thread-18 (_listen_stdout)] INFO    thonny.running: Reader got EOF
12:41:59.300 [MainThread] INFO    thonny.plugins.cpython_frontend.cp_front: Creating LocalCPythonProxy
12:41:59.300 [MainThread] INFO    thonny.running: Starting the backend: ['/usr/bin/python3', '-u', '-B', '/usr/lib/python3/dist-packages/thonny/plugins/cpython_backend/cp_launcher.py', '/home/pi', "{'run.warn_module_shadowing': True}"] /home/pi
12:41:59.381 [MainThread] INFO    thonny.shell: BaseShellText.restart(False)
12:42:03.230 [MainThread] INFO    thonny.running: Killing backend process
12:42:03.231 [MainThread] INFO    thonny.running: Starting the backend: ['/usr/bin/python3', '-u', '-B', '/usr/lib/python3/dist-packages/thonny/plugins/cpython_backend/cp_launcher.py', '/home/pi', "{'run.warn_module_shadowing': True}"] /home/pi
12:42:03.231 [Thread-20 (_listen_stdout)] INFO    thonny.running: Reader got EOF
12:42:03.287 [MainThread] INFO    thonny.running: Prepared clean state for executing ToplevelCommand(args=['viewer_refWF.py'], args_str='viewer_refWF.py', cmd_line='%FastDebug viewer_refWF.py', tty_mode=True, source=None, name='FastDebug', argv=[], breakpoints={'/home/pi/viewer_refWF.py': {488, 394, 244, 470}}, id='cmd_19', local_cwd='/home/pi')
12:43:55.526 [MainThread] INFO    thonny.running: Killing backend process
12:43:55.527 [MainThread] INFO    thonny.shell: BaseShellText._on_backend_terminated
12:43:55.545 [Thread-22 (_listen_stdout)] INFO    thonny.running: Reader got EOF
12:43:55.548 [MainThread] INFO    thonny.plugins.cpython_frontend.cp_front: Creating LocalCPythonProxy
12:43:55.548 [MainThread] INFO    thonny.running: Starting the backend: ['/usr/bin/python3', '-u', '-B', '/usr/lib/python3/dist-packages/thonny/plugins/cpython_backend/cp_launcher.py', '/home/pi', "{'run.warn_module_shadowing': True}"] /home/pi
12:43:55.625 [MainThread] INFO    thonny.shell: BaseShellText.restart(False)
12:43:59.122 [MainThread] INFO    thonny.running: Killing backend process
12:43:59.122 [MainThread] INFO    thonny.shell: BaseShellText._on_backend_terminated
12:43:59.123 [Thread-24 (_listen_stdout)] INFO    thonny.running: Reader got EOF
